// Jest Snapshot v1, https://goo.gl/fbAQLP

exports[`ConnectingToEthProvider component 1`] = `
<div
  className="styled__EthMissMainWrapper-sc-8po40b-0 jOoMWO"
>
  <div
    className="styled__MessageWrapper-sc-8po40b-1 kdyXGL"
  >
    <div>
      <i
        className="anticon anticon-exclamation-circle"
      >
        <svg
          aria-hidden="true"
          className=""
          data-icon="exclamation-circle"
          fill="currentColor"
          height="1em"
          viewBox="64 64 896 896"
          width="1em"
        >
          <path
            d="M512 64C264.6 64 64 264.6 64 512s200.6 448 448 448 448-200.6 448-448S759.4 64 512 64zm-32 232c0-4.4 3.6-8 8-8h48c4.4 0 8 3.6 8 8v272c0 4.4-3.6 8-8 8h-48c-4.4 0-8-3.6-8-8V296zm32 440a48.01 48.01 0 0 1 0-96 48.01 48.01 0 0 1 0 96z"
          />
        </svg>
      </i>
      You are not connected to Ethereum
      <div>
        Please
        <a
          className="styled__MetaMaskLink-sc-8po40b-2 iWVqpL"
          href="https://metamask.io/"
          rel="noopener noreferrer"
          target="_blank"
        >
          download Metamask
        </a>
        to use the exchange
      </div>
    </div>
  </div>
</div>
`;
